- [Title标题](#title标题)
- [Überschrift](#Überschrift)

# Title标题
# Überschrift